Processing default (platform: https://github.com/pioarduino/platform-espressif32/releases/download/55.03.37/platform-espressif32.zip; board: esp32-c3-devkitm-1; framework: arduino)
--------------------------------------------------------------------------------
Verbose mode can be enabled via `-v, --verbose` option
Generated: src/network/html/HomePageHtml.generated.h
  Original: 4278 bytes
  Minified: 4029 bytes (94.2%)
  Compressed: 1414 bytes (33.1%)
Generated: src/network/html/SettingsPageHtml.generated.h
  Original: 11460 bytes
  Minified: 11356 bytes (99.1%)
  Compressed: 3272 bytes (28.6%)
Generated: src/network/html/FilesPageHtml.generated.h
  Original: 44616 bytes
  Minified: 43980 bytes (98.6%)
  Compressed: 10037 bytes (22.5%)
Running i18n generation script from PlatformIO...
Reading translations from: lib/I18n/translations
Output directory: lib/I18n/

Loaded 1 languages, 334 string keys
Generated: lib/I18n/I18nKeys.h
Generated: lib/I18n/I18nStrings.h
Generated: lib/I18n/I18nStrings.cpp

✓ Code generation complete!
  Languages: 1
  String keys: 334
CONFIGURATION: https://docs.platformio.org/page/boards/espressif32/esp32-c3-devkitm-1.html
PLATFORM: Espressif 32 (55.3.37) > Espressif ESP32-C3-DevKitM-1
HARDWARE: ESP32C3 160MHz, 320KB RAM, 16MB Flash
DEBUG: Current (cmsis-dap) External (cmsis-dap, esp-bridge, esp-builtin, esp-prog, iot-bus-jtag, jlink, minimodule, olimex-arm-usb-ocd, olimex-arm-usb-ocd-h, olimex-arm-usb-tiny-h, olimex-jtag-tiny, tumpa)
PACKAGES: 
 - contrib-piohome @ 3.4.4 
 - framework-arduinoespressif32 @ 3.3.7 
 - framework-arduinoespressif32-libs @ 5.5.0+sha.87912cd291 
 - tool-cppcheck @ 2.11.0+230717 
 - tool-esptoolpy @ 5.1.2 
 - toolchain-riscv32-esp @ 14.2.0+20251107
LDF: Library Dependency Finder -> https://bit.ly/configure-pio-ldf
LDF Modes: Finder ~ chain, Compatibility ~ soft
Found 70 compatible libraries
Scanning dependencies...
Dependency Graph
|-- BatteryMonitor @ 1.0.0
|-- InputManager @ 1.1.0
|-- EInkDisplay @ 1.0.0
|-- SDCardManager @ 2.0.0
|-- ArduinoJson @ 7.4.2
|-- QRCode @ 0.0.1
|-- PNGdec @ 1.1.6
|-- WebSockets @ 2.7.3
|-- hal
|-- Logging
|-- Serialization
|-- Epub
|-- Xtc
|-- GfxRenderer
|-- I18n
|-- Txt
|-- Utf8
|-- ESPmDNS @ 3.3.7
|-- WiFi @ 3.3.7
|-- DNSServer @ 3.3.7
|-- FsHelpers
|-- EpdFont @ 1.0.0
|-- SPI @ 3.3.7
|-- HTTPClient @ 3.3.7
|-- Networking @ 3.3.7
|-- NetworkClientSecure @ 3.3.7
|-- WebServer @ 3.3.7
Building in release mode
Compiling .pio/build/default/src/activities/settings/SettingsActivity.cpp.o
Compiling .pio/build/default/src/network/CrossPointWebServer.cpp.o
In file included from src/activities/settings/SettingsActivity.cpp:9:
src/SettingsList.h: In function 'std::vector<SettingInfo> getSettingsList()':
src/SettingsList.h:67:26: error: no matching function for call to 'SettingInfo::Action(StrId, SettingAction, StrId)'
   67 |       SettingInfo::Action(StrId::STR_CTRL_H_TITLE, SettingAction::None, StrId::STR_CAT_CONTROLS),
      |       ~~~~~~~~~~~~~~~~~~~^~~~~~~~~~~~~~~~~~~~~~~~~~~~~~~~~~~~~~~~~~~~~~~~~~~~~~~~~~~~~~~~~~~~~~~
In file included from src/activities/settings/SettingsActivity.cpp:1:
src/activities/settings/SettingsActivity.h:72:22: note: candidate: 'static SettingInfo SettingInfo::Action(StrId, SettingAction)'
   72 |   static SettingInfo Action(StrId nameId, SettingAction action) {
      |                      ^~~~~~
src/activities/settings/SettingsActivity.h:72:22: note:   candidate expects 2 arguments, 3 provided
src/SettingsList.h:68:26: error: no matching function for call to 'SettingInfo::Action(StrId, SettingAction, StrId)'
   68 |       SettingInfo::Action(StrId::STR_CTRL_H_LEFT, SettingAction::None, StrId::STR_CAT_CONTROLS),
      |       ~~~~~~~~~~~~~~~~~~~^~~~~~~~~~~~~~~~~~~~~~~~~~~~~~~~~~~~~~~~~~~~~~~~~~~~~~~~~~~~~~~~~~~~~~
src/activities/settings/SettingsActivity.h:72:22: note: candidate: 'static SettingInfo SettingInfo::Action(StrId, SettingAction)'
   72 |   static SettingInfo Action(StrId nameId, SettingAction action) {
      |                      ^~~~~~
src/activities/settings/SettingsActivity.h:72:22: note:   candidate expects 2 arguments, 3 provided
src/SettingsList.h:69:26: error: no matching function for call to 'SettingInfo::Action(StrId, SettingAction, StrId)'
   69 |       SettingInfo::Action(StrId::STR_CTRL_H_RIGHT, SettingAction::None, StrId::STR_CAT_CONTROLS),
      |       ~~~~~~~~~~~~~~~~~~~^~~~~~~~~~~~~~~~~~~~~~~~~~~~~~~~~~~~~~~~~~~~~~~~~~~~~~~~~~~~~~~~~~~~~~~
src/activities/settings/SettingsActivity.h:72:22: note: candidate: 'static SettingInfo SettingInfo::Action(StrId, SettingAction)'
   72 |   static SettingInfo Action(StrId nameId, SettingAction action) {
      |                      ^~~~~~
src/activities/settings/SettingsActivity.h:72:22: note:   candidate expects 2 arguments, 3 provided
src/SettingsList.h:70:26: error: no matching function for call to 'SettingInfo::Action(StrId, SettingAction, StrId)'
   70 |       SettingInfo::Action(StrId::STR_CTRL_H_UP_DN, SettingAction::None, StrId::STR_CAT_CONTROLS),
      |       ~~~~~~~~~~~~~~~~~~~^~~~~~~~~~~~~~~~~~~~~~~~~~~~~~~~~~~~~~~~~~~~~~~~~~~~~~~~~~~~~~~~~~~~~~~
src/activities/settings/SettingsActivity.h:72:22: note: candidate: 'static SettingInfo SettingInfo::Action(StrId, SettingAction)'
   72 |   static SettingInfo Action(StrId nameId, SettingAction action) {
      |                      ^~~~~~
src/activities/settings/SettingsActivity.h:72:22: note:   candidate expects 2 arguments, 3 provided
src/SettingsList.h:73:26: error: no matching function for call to 'SettingInfo::Action(StrId, SettingAction, StrId)'
   73 |       SettingInfo::Action(StrId::STR_CTRL_R_TITLE, SettingAction::None, StrId::STR_CAT_CONTROLS),
      |       ~~~~~~~~~~~~~~~~~~~^~~~~~~~~~~~~~~~~~~~~~~~~~~~~~~~~~~~~~~~~~~~~~~~~~~~~~~~~~~~~~~~~~~~~~~
src/activities/settings/SettingsActivity.h:72:22: note: candidate: 'static SettingInfo SettingInfo::Action(StrId, SettingAction)'
   72 |   static SettingInfo Action(StrId nameId, SettingAction action) {
      |                      ^~~~~~
src/activities/settings/SettingsActivity.h:72:22: note:   candidate expects 2 arguments, 3 provided
src/SettingsList.h:74:26: error: no matching function for call to 'SettingInfo::Action(StrId, SettingAction, StrId)'
   74 |       SettingInfo::Action(StrId::STR_CTRL_R_L_BTN, SettingAction::None, StrId::STR_CAT_CONTROLS),
      |       ~~~~~~~~~~~~~~~~~~~^~~~~~~~~~~~~~~~~~~~~~~~~~~~~~~~~~~~~~~~~~~~~~~~~~~~~~~~~~~~~~~~~~~~~~~
src/activities/settings/SettingsActivity.h:72:22: note: candidate: 'static SettingInfo SettingInfo::Action(StrId, SettingAction)'
   72 |   static SettingInfo Action(StrId nameId, SettingAction action) {
      |                      ^~~~~~
src/activities/settings/SettingsActivity.h:72:22: note:   candidate expects 2 arguments, 3 provided
src/SettingsList.h:75:26: error: no matching function for call to 'SettingInfo::Action(StrId, SettingAction, StrId)'
   75 |       SettingInfo::Action(StrId::STR_CTRL_R_R_BTN, SettingAction::None, StrId::STR_CAT_CONTROLS),
      |       ~~~~~~~~~~~~~~~~~~~^~~~~~~~~~~~~~~~~~~~~~~~~~~~~~~~~~~~~~~~~~~~~~~~~~~~~~~~~~~~~~~~~~~~~~~
src/activities/settings/SettingsActivity.h:72:22: note: candidate: 'static SettingInfo SettingInfo::Action(StrId, SettingAction)'
   72 |   static SettingInfo Action(StrId nameId, SettingAction action) {
      |                      ^~~~~~
src/activities/settings/SettingsActivity.h:72:22: note:   candidate expects 2 arguments, 3 provided
src/SettingsList.h:76:26: error: no matching function for call to 'SettingInfo::Action(StrId, SettingAction, StrId)'
   76 |       SettingInfo::Action(StrId::STR_CTRL_R_UP_BTN, SettingAction::None, StrId::STR_CAT_CONTROLS),
      |       ~~~~~~~~~~~~~~~~~~~^~~~~~~~~~~~~~~~~~~~~~~~~~~~~~~~~~~~~~~~~~~~~~~~~~~~~~~~~~~~~~~~~~~~~~~~
src/activities/settings/SettingsActivity.h:72:22: note: candidate: 'static SettingInfo SettingInfo::Action(StrId, SettingAction)'
   72 |   static SettingInfo Action(StrId nameId, SettingAction action) {
      |                      ^~~~~~
src/activities/settings/SettingsActivity.h:72:22: note:   candidate expects 2 arguments, 3 provided
src/SettingsList.h:77:26: error: no matching function for call to 'SettingInfo::Action(StrId, SettingAction, StrId)'
   77 |       SettingInfo::Action(StrId::STR_CTRL_R_DN_BTN, SettingAction::None, StrId::STR_CAT_CONTROLS),
      |       ~~~~~~~~~~~~~~~~~~~^~~~~~~~~~~~~~~~~~~~~~~~~~~~~~~~~~~~~~~~~~~~~~~~~~~~~~~~~~~~~~~~~~~~~~~~
src/activities/settings/SettingsActivity.h:72:22: note: candidate: 'static SettingInfo SettingInfo::Action(StrId, SettingAction)'
   72 |   static SettingInfo Action(StrId nameId, SettingAction action) {
      |                      ^~~~~~
src/activities/settings/SettingsActivity.h:72:22: note:   candidate expects 2 arguments, 3 provided
src/SettingsList.h:78:26: error: no matching function for call to 'SettingInfo::Action(StrId, SettingAction, StrId)'
   78 |       SettingInfo::Action(StrId::STR_CTRL_R_R_LONG, SettingAction::None, StrId::STR_CAT_CONTROLS),
      |       ~~~~~~~~~~~~~~~~~~~^~~~~~~~~~~~~~~~~~~~~~~~~~~~~~~~~~~~~~~~~~~~~~~~~~~~~~~~~~~~~~~~~~~~~~~~
src/activities/settings/SettingsActivity.h:72:22: note: candidate: 'static SettingInfo SettingInfo::Action(StrId, SettingAction)'
   72 |   static SettingInfo Action(StrId nameId, SettingAction action) {
      |                      ^~~~~~
src/activities/settings/SettingsActivity.h:72:22: note:   candidate expects 2 arguments, 3 provided
src/SettingsList.h:79:26: error: no matching function for call to 'SettingInfo::Action(StrId, SettingAction, StrId)'
   79 |       SettingInfo::Action(StrId::STR_CTRL_R_L_LONG, SettingAction::None, StrId::STR_CAT_CONTROLS),
      |       ~~~~~~~~~~~~~~~~~~~^~~~~~~~~~~~~~~~~~~~~~~~~~~~~~~~~~~~~~~~~~~~~~~~~~~~~~~~~~~~~~~~~~~~~~~~
src/activities/settings/SettingsActivity.h:72:22: note: candidate: 'static SettingInfo SettingInfo::Action(StrId, SettingAction)'
   72 |   static SettingInfo Action(StrId nameId, SettingAction action) {
      |                      ^~~~~~
src/activities/settings/SettingsActivity.h:72:22: note:   candidate expects 2 arguments, 3 provided
src/SettingsList.h:80:26: error: no matching function for call to 'SettingInfo::Action(StrId, SettingAction, StrId)'
   80 |       SettingInfo::Action(StrId::STR_CTRL_R_UP_LONG, SettingAction::None, StrId::STR_CAT_CONTROLS),
      |       ~~~~~~~~~~~~~~~~~~~^~~~~~~~~~~~~~~~~~~~~~~~~~~~~~~~~~~~~~~~~~~~~~~~~~~~~~~~~~~~~~~~~~~~~~~~~
src/activities/settings/SettingsActivity.h:72:22: note: candidate: 'static SettingInfo SettingInfo::Action(StrId, SettingAction)'
   72 |   static SettingInfo Action(StrId nameId, SettingAction action) {
      |                      ^~~~~~
src/activities/settings/SettingsActivity.h:72:22: note:   candidate expects 2 arguments, 3 provided
src/SettingsList.h:81:26: error: no matching function for call to 'SettingInfo::Action(StrId, SettingAction, StrId)'
   81 |       SettingInfo::Action(StrId::STR_CTRL_R_DN_LONG, SettingAction::None, StrId::STR_CAT_CONTROLS),
      |       ~~~~~~~~~~~~~~~~~~~^~~~~~~~~~~~~~~~~~~~~~~~~~~~~~~~~~~~~~~~~~~~~~~~~~~~~~~~~~~~~~~~~~~~~~~~~
src/activities/settings/SettingsActivity.h:72:22: note: candidate: 'static SettingInfo SettingInfo::Action(StrId, SettingAction)'
   72 |   static SettingInfo Action(StrId nameId, SettingAction action) {
      |                      ^~~~~~
src/activities/settings/SettingsActivity.h:72:22: note:   candidate expects 2 arguments, 3 provided
src/SettingsList.h:82:26: error: no matching function for call to 'SettingInfo::Action(StrId, SettingAction, StrId)'
   82 |       SettingInfo::Action(StrId::STR_CTRL_R_L_UP_DN, SettingAction::None, StrId::STR_CAT_CONTROLS),
      |       ~~~~~~~~~~~~~~~~~~~^~~~~~~~~~~~~~~~~~~~~~~~~~~~~~~~~~~~~~~~~~~~~~~~~~~~~~~~~~~~~~~~~~~~~~~~~
src/activities/settings/SettingsActivity.h:72:22: note: candidate: 'static SettingInfo SettingInfo::Action(StrId, SettingAction)'
   72 |   static SettingInfo Action(StrId nameId, SettingAction action) {
      |                      ^~~~~~
src/activities/settings/SettingsActivity.h:72:22: note:   candidate expects 2 arguments, 3 provided
src/SettingsList.h:83:26: error: no matching function for call to 'SettingInfo::Action(StrId, SettingAction, StrId)'
   83 |       SettingInfo::Action(StrId::STR_CTRL_R_R_UP_DN, SettingAction::None, StrId::STR_CAT_CONTROLS),
      |       ~~~~~~~~~~~~~~~~~~~^~~~~~~~~~~~~~~~~~~~~~~~~~~~~~~~~~~~~~~~~~~~~~~~~~~~~~~~~~~~~~~~~~~~~~~~~
src/activities/settings/SettingsActivity.h:72:22: note: candidate: 'static SettingInfo SettingInfo::Action(StrId, SettingAction)'
   72 |   static SettingInfo Action(StrId nameId, SettingAction action) {
      |                      ^~~~~~
src/activities/settings/SettingsActivity.h:72:22: note:   candidate expects 2 arguments, 3 provided
src/SettingsList.h:89:3: error: could not convert '{SettingInfo::Enum(StrId, uint8_t CrossPointSettings::*, std::vector<StrId>, const char*, StrId)(&CrossPointSettings::sleepScreen, std::vector<StrId>(std::initializer_list<StrId>{((const StrId*)(& const StrId [6]{StrId::STR_DARK, StrId::STR_LIGHT, StrId::STR_CUSTOM, StrId::STR_COVER, StrId::STR_NONE_OPT, StrId::STR_COVER_CUSTOM})), 6}, std::allocator<StrId>()), ((const char*)"sleepScreen"), StrId::STR_CAT_DISPLAY), SettingInfo::Enum(StrId, uint8_t CrossPointSettings::*, std::vector<StrId>, const char*, StrId)(&CrossPointSettings::sleepScreenCoverMode, std::vector<StrId>(std::initializer_list<StrId>{((const StrId*)(& const StrId [2]{StrId::STR_FIT, StrId::STR_CROP})), 2}, std::allocator<StrId>()), ((const char*)"sleepScreenCoverMode"), StrId::STR_CAT_DISPLAY), SettingInfo::Enum(StrId, uint8_t CrossPointSettings::*, std::vector<StrId>, const char*, StrId)(&CrossPointSettings::sleepScreenCoverFilter, std::vector<StrId>(std::initializer_list<StrId>{((const StrId*)(& const StrId [3]{StrId::STR_NONE_OPT, StrId::STR_FILTER_CONTRAST, StrId::STR_INVERTED})), 3}, std::allocator<StrId>()), ((const char*)"sleepScreenCoverFilter"), StrId::STR_CAT_DISPLAY), SettingInfo::Toggle(StrId, uint8_t CrossPointSettings::*, const char*, StrId)(&CrossPointSettings::statusBar, ((const char*)"statusBar"), StrId::STR_CAT_DISPLAY), SettingInfo::Enum(StrId, uint8_t CrossPointSettings::*, std::vector<StrId>, const char*, StrId)(&CrossPointSettings::hideBatteryPercentage, std::vector<StrId>(std::initializer_list<StrId>{((const StrId*)(& const StrId [3]{StrId::STR_NEVER, StrId::STR_IN_READER, StrId::STR_ALWAYS})), 3}, std::allocator<StrId>()), ((const char*)"hideBatteryPercentage"), StrId::STR_CAT_DISPLAY), SettingInfo::Enum(StrId, uint8_t CrossPointSettings::*, std::vector<StrId>, const char*, StrId)(&CrossPointSettings::refreshFrequency, std::vector<StrId>(std::initializer_list<StrId>{((const StrId*)(& const StrId [5]{StrId::STR_PAGES_1, StrId::STR_PAGES_5, StrId::STR_PAGES_10, StrId::STR_PAGES_15, StrId::STR_PAGES_30})), 5}, std::allocator<StrId>()), ((const char*)"refreshFrequency"), StrId::STR_CAT_DISPLAY), SettingInfo::Enum(StrId, uint8_t CrossPointSettings::*, std::vector<StrId>, const char*, StrId)(&CrossPointSettings::uiTheme, std::vector<StrId>(std::initializer_list<StrId>{((const StrId*)(& const StrId [4]{StrId::STR_THEME_CLASSIC, StrId::STR_THEME_LYRA, StrId::STR_THEME_LYRA_EXTENDED, StrId::STR_THEME_FLOW})), 4}, std::allocator<StrId>()), ((const char*)"uiTheme"), StrId::STR_CAT_DISPLAY), SettingInfo::Toggle(StrId, uint8_t CrossPointSettings::*, const char*, StrId)(&CrossPointSettings::fadingFix, ((const char*)"fadingFix"), StrId::STR_CAT_DISPLAY), SettingInfo::Enum(StrId, uint8_t CrossPointSettings::*, std::vector<StrId>, const char*, StrId)(&CrossPointSettings::fontFamily, std::vector<StrId>(std::initializer_list<StrId>{((const StrId*)(& const StrId [2]{StrId::STR_BOOKERLY, StrId::STR_NOTO_SANS})), 2}, std::allocator<StrId>()), ((const char*)"fontFamily"), StrId::STR_CAT_READER), SettingInfo::Enum(StrId, uint8_t CrossPointSettings::*, std::vector<StrId>, const char*, StrId)(&CrossPointSettings::fontSize, std::vector<StrId>(std::initializer_list<StrId>{((const StrId*)(& const StrId [4]{StrId::STR_SMALL, StrId::STR_MEDIUM, StrId::STR_LARGE, StrId::STR_X_LARGE})), 4}, std::allocator<StrId>()), ((const char*)"fontSize"), StrId::STR_CAT_READER), SettingInfo::Enum(StrId, uint8_t CrossPointSettings::*, std::vector<StrId>, const char*, StrId)(&CrossPointSettings::lineSpacing, std::vector<StrId>(std::initializer_list<StrId>{((const StrId*)(& const StrId [3]{StrId::STR_TIGHT, StrId::STR_NORMAL, StrId::STR_WIDE})), 3}, std::allocator<StrId>()), ((const char*)"lineSpacing"), StrId::STR_CAT_READER), SettingInfo::Enum(StrId, uint8_t CrossPointSettings::*, std::vector<StrId>, const char*, StrId)(&CrossPointSettings::paragraphAlignment, std::vector<StrId>(std::initializer_list<StrId>{((const StrId*)(& const StrId [5]{StrId::STR_JUSTIFY, StrId::STR_ALIGN_LEFT, StrId::STR_CENTER, StrId::STR_ALIGN_RIGHT, StrId::STR_BOOK_S_STYLE})), 5}, std::allocator<StrId>()), ((const char*)"paragraphAlignment"), StrId::STR_CAT_READER), SettingInfo::Toggle(StrId, uint8_t CrossPointSettings::*, const char*, StrId)(&CrossPointSettings::embeddedStyle, ((const char*)"embeddedStyle"), StrId::STR_CAT_READER), SettingInfo::Toggle(StrId, uint8_t CrossPointSettings::*, const char*, StrId)(&CrossPointSettings::hyphenationEnabled, ((const char*)"hyphenationEnabled"), StrId::STR_CAT_READER), SettingInfo::Enum(StrId, uint8_t CrossPointSettings::*, std::vector<StrId>, const char*, StrId)(&CrossPointSettings::orientation, std::vector<StrId>(std::initializer_list<StrId>{((const StrId*)(& const StrId [4]{StrId::STR_PORTRAIT, StrId::STR_LANDSCAPE_CW, StrId::STR_INVERTED, StrId::STR_LANDSCAPE_CCW})), 4}, std::allocator<StrId>()), ((const char*)"orientation"), StrId::STR_CAT_READER), SettingInfo::Toggle(StrId, uint8_t CrossPointSettings::*, const char*, StrId)(&CrossPointSettings::extraParagraphSpacing, ((const char*)"extraParagraphSpacing"), StrId::STR_CAT_READER), SettingInfo::Toggle(StrId, uint8_t CrossPointSettings::*, const char*, StrId)(&CrossPointSettings::textAntiAliasing, ((const char*)"textAntiAliasing"), StrId::STR_CAT_READER), <expression error>, <expression error>, <expression error>, <expression error>, <expression error>, <expression error>, <expression error>, <expression error>, <expression error>, <expression error>, <expression error>, <expression error>, <expression error>, <expression error>, <expression error>, SettingInfo::Enum(StrId, uint8_t CrossPointSettings::*, std::vector<StrId>, const char*, StrId)(&CrossPointSettings::sleepTimeout, std::vector<StrId>(std::initializer_list<StrId>{((const StrId*)(& const StrId [5]{StrId::STR_MIN_1, StrId::STR_MIN_5, StrId::STR_MIN_10, StrId::STR_MIN_15, StrId::STR_MIN_30})), 5}, std::allocator<StrId>()), ((const char*)"sleepTimeout"), StrId::STR_CAT_SYSTEM)}' from '<brace-enclosed initializer list>' to 'std::vector<SettingInfo>'
   89 |   };
      |   ^
      |   |
      |   <brace-enclosed initializer list>
*** [.pio/build/default/src/activities/settings/SettingsActivity.cpp.o] Error 1
In file included from src/network/CrossPointWebServer.cpp:14:
src/SettingsList.h: In function 'std::vector<SettingInfo> getSettingsList()':
src/SettingsList.h:67:26: error: no matching function for call to 'SettingInfo::Action(StrId, SettingAction, StrId)'
   67 |       SettingInfo::Action(StrId::STR_CTRL_H_TITLE, SettingAction::None, StrId::STR_CAT_CONTROLS),
      |       ~~~~~~~~~~~~~~~~~~~^~~~~~~~~~~~~~~~~~~~~~~~~~~~~~~~~~~~~~~~~~~~~~~~~~~~~~~~~~~~~~~~~~~~~~~
In file included from src/SettingsList.h:8:
src/activities/settings/SettingsActivity.h:72:22: note: candidate: 'static SettingInfo SettingInfo::Action(StrId, SettingAction)'
   72 |   static SettingInfo Action(StrId nameId, SettingAction action) {
      |                      ^~~~~~
src/activities/settings/SettingsActivity.h:72:22: note:   candidate expects 2 arguments, 3 provided
src/SettingsList.h:68:26: error: no matching function for call to 'SettingInfo::Action(StrId, SettingAction, StrId)'
   68 |       SettingInfo::Action(StrId::STR_CTRL_H_LEFT, SettingAction::None, StrId::STR_CAT_CONTROLS),
      |       ~~~~~~~~~~~~~~~~~~~^~~~~~~~~~~~~~~~~~~~~~~~~~~~~~~~~~~~~~~~~~~~~~~~~~~~~~~~~~~~~~~~~~~~~~
src/activities/settings/SettingsActivity.h:72:22: note: candidate: 'static SettingInfo SettingInfo::Action(StrId, SettingAction)'
   72 |   static SettingInfo Action(StrId nameId, SettingAction action) {
      |                      ^~~~~~
src/activities/settings/SettingsActivity.h:72:22: note:   candidate expects 2 arguments, 3 provided
src/SettingsList.h:69:26: error: no matching function for call to 'SettingInfo::Action(StrId, SettingAction, StrId)'
   69 |       SettingInfo::Action(StrId::STR_CTRL_H_RIGHT, SettingAction::None, StrId::STR_CAT_CONTROLS),
      |       ~~~~~~~~~~~~~~~~~~~^~~~~~~~~~~~~~~~~~~~~~~~~~~~~~~~~~~~~~~~~~~~~~~~~~~~~~~~~~~~~~~~~~~~~~~
src/activities/settings/SettingsActivity.h:72:22: note: candidate: 'static SettingInfo SettingInfo::Action(StrId, SettingAction)'
   72 |   static SettingInfo Action(StrId nameId, SettingAction action) {
      |                      ^~~~~~
src/activities/settings/SettingsActivity.h:72:22: note:   candidate expects 2 arguments, 3 provided
src/SettingsList.h:70:26: error: no matching function for call to 'SettingInfo::Action(StrId, SettingAction, StrId)'
   70 |       SettingInfo::Action(StrId::STR_CTRL_H_UP_DN, SettingAction::None, StrId::STR_CAT_CONTROLS),
      |       ~~~~~~~~~~~~~~~~~~~^~~~~~~~~~~~~~~~~~~~~~~~~~~~~~~~~~~~~~~~~~~~~~~~~~~~~~~~~~~~~~~~~~~~~~~
src/activities/settings/SettingsActivity.h:72:22: note: candidate: 'static SettingInfo SettingInfo::Action(StrId, SettingAction)'
   72 |   static SettingInfo Action(StrId nameId, SettingAction action) {
      |                      ^~~~~~
src/activities/settings/SettingsActivity.h:72:22: note:   candidate expects 2 arguments, 3 provided
src/SettingsList.h:73:26: error: no matching function for call to 'SettingInfo::Action(StrId, SettingAction, StrId)'
   73 |       SettingInfo::Action(StrId::STR_CTRL_R_TITLE, SettingAction::None, StrId::STR_CAT_CONTROLS),
      |       ~~~~~~~~~~~~~~~~~~~^~~~~~~~~~~~~~~~~~~~~~~~~~~~~~~~~~~~~~~~~~~~~~~~~~~~~~~~~~~~~~~~~~~~~~~
src/activities/settings/SettingsActivity.h:72:22: note: candidate: 'static SettingInfo SettingInfo::Action(StrId, SettingAction)'
   72 |   static SettingInfo Action(StrId nameId, SettingAction action) {
      |                      ^~~~~~
src/activities/settings/SettingsActivity.h:72:22: note:   candidate expects 2 arguments, 3 provided
src/SettingsList.h:74:26: error: no matching function for call to 'SettingInfo::Action(StrId, SettingAction, StrId)'
   74 |       SettingInfo::Action(StrId::STR_CTRL_R_L_BTN, SettingAction::None, StrId::STR_CAT_CONTROLS),
      |       ~~~~~~~~~~~~~~~~~~~^~~~~~~~~~~~~~~~~~~~~~~~~~~~~~~~~~~~~~~~~~~~~~~~~~~~~~~~~~~~~~~~~~~~~~~
src/activities/settings/SettingsActivity.h:72:22: note: candidate: 'static SettingInfo SettingInfo::Action(StrId, SettingAction)'
   72 |   static SettingInfo Action(StrId nameId, SettingAction action) {
      |                      ^~~~~~
src/activities/settings/SettingsActivity.h:72:22: note:   candidate expects 2 arguments, 3 provided
src/SettingsList.h:75:26: error: no matching function for call to 'SettingInfo::Action(StrId, SettingAction, StrId)'
   75 |       SettingInfo::Action(StrId::STR_CTRL_R_R_BTN, SettingAction::None, StrId::STR_CAT_CONTROLS),
      |       ~~~~~~~~~~~~~~~~~~~^~~~~~~~~~~~~~~~~~~~~~~~~~~~~~~~~~~~~~~~~~~~~~~~~~~~~~~~~~~~~~~~~~~~~~~
src/activities/settings/SettingsActivity.h:72:22: note: candidate: 'static SettingInfo SettingInfo::Action(StrId, SettingAction)'
   72 |   static SettingInfo Action(StrId nameId, SettingAction action) {
      |                      ^~~~~~
src/activities/settings/SettingsActivity.h:72:22: note:   candidate expects 2 arguments, 3 provided
src/SettingsList.h:76:26: error: no matching function for call to 'SettingInfo::Action(StrId, SettingAction, StrId)'
   76 |       SettingInfo::Action(StrId::STR_CTRL_R_UP_BTN, SettingAction::None, StrId::STR_CAT_CONTROLS),
      |       ~~~~~~~~~~~~~~~~~~~^~~~~~~~~~~~~~~~~~~~~~~~~~~~~~~~~~~~~~~~~~~~~~~~~~~~~~~~~~~~~~~~~~~~~~~~
src/activities/settings/SettingsActivity.h:72:22: note: candidate: 'static SettingInfo SettingInfo::Action(StrId, SettingAction)'
   72 |   static SettingInfo Action(StrId nameId, SettingAction action) {
      |                      ^~~~~~
src/activities/settings/SettingsActivity.h:72:22: note:   candidate expects 2 arguments, 3 provided
src/SettingsList.h:77:26: error: no matching function for call to 'SettingInfo::Action(StrId, SettingAction, StrId)'
   77 |       SettingInfo::Action(StrId::STR_CTRL_R_DN_BTN, SettingAction::None, StrId::STR_CAT_CONTROLS),
      |       ~~~~~~~~~~~~~~~~~~~^~~~~~~~~~~~~~~~~~~~~~~~~~~~~~~~~~~~~~~~~~~~~~~~~~~~~~~~~~~~~~~~~~~~~~~~
src/activities/settings/SettingsActivity.h:72:22: note: candidate: 'static SettingInfo SettingInfo::Action(StrId, SettingAction)'
   72 |   static SettingInfo Action(StrId nameId, SettingAction action) {
      |                      ^~~~~~
src/activities/settings/SettingsActivity.h:72:22: note:   candidate expects 2 arguments, 3 provided
src/SettingsList.h:78:26: error: no matching function for call to 'SettingInfo::Action(StrId, SettingAction, StrId)'
   78 |       SettingInfo::Action(StrId::STR_CTRL_R_R_LONG, SettingAction::None, StrId::STR_CAT_CONTROLS),
      |       ~~~~~~~~~~~~~~~~~~~^~~~~~~~~~~~~~~~~~~~~~~~~~~~~~~~~~~~~~~~~~~~~~~~~~~~~~~~~~~~~~~~~~~~~~~~
src/activities/settings/SettingsActivity.h:72:22: note: candidate: 'static SettingInfo SettingInfo::Action(StrId, SettingAction)'
   72 |   static SettingInfo Action(StrId nameId, SettingAction action) {
      |                      ^~~~~~
src/activities/settings/SettingsActivity.h:72:22: note:   candidate expects 2 arguments, 3 provided
src/SettingsList.h:79:26: error: no matching function for call to 'SettingInfo::Action(StrId, SettingAction, StrId)'
   79 |       SettingInfo::Action(StrId::STR_CTRL_R_L_LONG, SettingAction::None, StrId::STR_CAT_CONTROLS),
      |       ~~~~~~~~~~~~~~~~~~~^~~~~~~~~~~~~~~~~~~~~~~~~~~~~~~~~~~~~~~~~~~~~~~~~~~~~~~~~~~~~~~~~~~~~~~~
src/activities/settings/SettingsActivity.h:72:22: note: candidate: 'static SettingInfo SettingInfo::Action(StrId, SettingAction)'
   72 |   static SettingInfo Action(StrId nameId, SettingAction action) {
      |                      ^~~~~~
src/activities/settings/SettingsActivity.h:72:22: note:   candidate expects 2 arguments, 3 provided
src/SettingsList.h:80:26: error: no matching function for call to 'SettingInfo::Action(StrId, SettingAction, StrId)'
   80 |       SettingInfo::Action(StrId::STR_CTRL_R_UP_LONG, SettingAction::None, StrId::STR_CAT_CONTROLS),
      |       ~~~~~~~~~~~~~~~~~~~^~~~~~~~~~~~~~~~~~~~~~~~~~~~~~~~~~~~~~~~~~~~~~~~~~~~~~~~~~~~~~~~~~~~~~~~~
src/activities/settings/SettingsActivity.h:72:22: note: candidate: 'static SettingInfo SettingInfo::Action(StrId, SettingAction)'
   72 |   static SettingInfo Action(StrId nameId, SettingAction action) {
      |                      ^~~~~~
src/activities/settings/SettingsActivity.h:72:22: note:   candidate expects 2 arguments, 3 provided
src/SettingsList.h:81:26: error: no matching function for call to 'SettingInfo::Action(StrId, SettingAction, StrId)'
   81 |       SettingInfo::Action(StrId::STR_CTRL_R_DN_LONG, SettingAction::None, StrId::STR_CAT_CONTROLS),
      |       ~~~~~~~~~~~~~~~~~~~^~~~~~~~~~~~~~~~~~~~~~~~~~~~~~~~~~~~~~~~~~~~~~~~~~~~~~~~~~~~~~~~~~~~~~~~~
src/activities/settings/SettingsActivity.h:72:22: note: candidate: 'static SettingInfo SettingInfo::Action(StrId, SettingAction)'
   72 |   static SettingInfo Action(StrId nameId, SettingAction action) {
      |                      ^~~~~~
src/activities/settings/SettingsActivity.h:72:22: note:   candidate expects 2 arguments, 3 provided
src/SettingsList.h:82:26: error: no matching function for call to 'SettingInfo::Action(StrId, SettingAction, StrId)'
   82 |       SettingInfo::Action(StrId::STR_CTRL_R_L_UP_DN, SettingAction::None, StrId::STR_CAT_CONTROLS),
      |       ~~~~~~~~~~~~~~~~~~~^~~~~~~~~~~~~~~~~~~~~~~~~~~~~~~~~~~~~~~~~~~~~~~~~~~~~~~~~~~~~~~~~~~~~~~~~
src/activities/settings/SettingsActivity.h:72:22: note: candidate: 'static SettingInfo SettingInfo::Action(StrId, SettingAction)'
   72 |   static SettingInfo Action(StrId nameId, SettingAction action) {
      |                      ^~~~~~
src/activities/settings/SettingsActivity.h:72:22: note:   candidate expects 2 arguments, 3 provided
src/SettingsList.h:83:26: error: no matching function for call to 'SettingInfo::Action(StrId, SettingAction, StrId)'
   83 |       SettingInfo::Action(StrId::STR_CTRL_R_R_UP_DN, SettingAction::None, StrId::STR_CAT_CONTROLS),
      |       ~~~~~~~~~~~~~~~~~~~^~~~~~~~~~~~~~~~~~~~~~~~~~~~~~~~~~~~~~~~~~~~~~~~~~~~~~~~~~~~~~~~~~~~~~~~~
src/activities/settings/SettingsActivity.h:72:22: note: candidate: 'static SettingInfo SettingInfo::Action(StrId, SettingAction)'
   72 |   static SettingInfo Action(StrId nameId, SettingAction action) {
      |                      ^~~~~~
src/activities/settings/SettingsActivity.h:72:22: note:   candidate expects 2 arguments, 3 provided
src/SettingsList.h:89:3: error: could not convert '{SettingInfo::Enum(StrId, uint8_t CrossPointSettings::*, std::vector<StrId>, const char*, StrId)(&CrossPointSettings::sleepScreen, std::vector<StrId>(std::initializer_list<StrId>{((const StrId*)(& const StrId [6]{StrId::STR_DARK, StrId::STR_LIGHT, StrId::STR_CUSTOM, StrId::STR_COVER, StrId::STR_NONE_OPT, StrId::STR_COVER_CUSTOM})), 6}, std::allocator<StrId>()), ((const char*)"sleepScreen"), StrId::STR_CAT_DISPLAY), SettingInfo::Enum(StrId, uint8_t CrossPointSettings::*, std::vector<StrId>, const char*, StrId)(&CrossPointSettings::sleepScreenCoverMode, std::vector<StrId>(std::initializer_list<StrId>{((const StrId*)(& const StrId [2]{StrId::STR_FIT, StrId::STR_CROP})), 2}, std::allocator<StrId>()), ((const char*)"sleepScreenCoverMode"), StrId::STR_CAT_DISPLAY), SettingInfo::Enum(StrId, uint8_t CrossPointSettings::*, std::vector<StrId>, const char*, StrId)(&CrossPointSettings::sleepScreenCoverFilter, std::vector<StrId>(std::initializer_list<StrId>{((const StrId*)(& const StrId [3]{StrId::STR_NONE_OPT, StrId::STR_FILTER_CONTRAST, StrId::STR_INVERTED})), 3}, std::allocator<StrId>()), ((const char*)"sleepScreenCoverFilter"), StrId::STR_CAT_DISPLAY), SettingInfo::Toggle(StrId, uint8_t CrossPointSettings::*, const char*, StrId)(&CrossPointSettings::statusBar, ((const char*)"statusBar"), StrId::STR_CAT_DISPLAY), SettingInfo::Enum(StrId, uint8_t CrossPointSettings::*, std::vector<StrId>, const char*, StrId)(&CrossPointSettings::hideBatteryPercentage, std::vector<StrId>(std::initializer_list<StrId>{((const StrId*)(& const StrId [3]{StrId::STR_NEVER, StrId::STR_IN_READER, StrId::STR_ALWAYS})), 3}, std::allocator<StrId>()), ((const char*)"hideBatteryPercentage"), StrId::STR_CAT_DISPLAY), SettingInfo::Enum(StrId, uint8_t CrossPointSettings::*, std::vector<StrId>, const char*, StrId)(&CrossPointSettings::refreshFrequency, std::vector<StrId>(std::initializer_list<StrId>{((const StrId*)(& const StrId [5]{StrId::STR_PAGES_1, StrId::STR_PAGES_5, StrId::STR_PAGES_10, StrId::STR_PAGES_15, StrId::STR_PAGES_30})), 5}, std::allocator<StrId>()), ((const char*)"refreshFrequency"), StrId::STR_CAT_DISPLAY), SettingInfo::Enum(StrId, uint8_t CrossPointSettings::*, std::vector<StrId>, const char*, StrId)(&CrossPointSettings::uiTheme, std::vector<StrId>(std::initializer_list<StrId>{((const StrId*)(& const StrId [4]{StrId::STR_THEME_CLASSIC, StrId::STR_THEME_LYRA, StrId::STR_THEME_LYRA_EXTENDED, StrId::STR_THEME_FLOW})), 4}, std::allocator<StrId>()), ((const char*)"uiTheme"), StrId::STR_CAT_DISPLAY), SettingInfo::Toggle(StrId, uint8_t CrossPointSettings::*, const char*, StrId)(&CrossPointSettings::fadingFix, ((const char*)"fadingFix"), StrId::STR_CAT_DISPLAY), SettingInfo::Enum(StrId, uint8_t CrossPointSettings::*, std::vector<StrId>, const char*, StrId)(&CrossPointSettings::fontFamily, std::vector<StrId>(std::initializer_list<StrId>{((const StrId*)(& const StrId [2]{StrId::STR_BOOKERLY, StrId::STR_NOTO_SANS})), 2}, std::allocator<StrId>()), ((const char*)"fontFamily"), StrId::STR_CAT_READER), SettingInfo::Enum(StrId, uint8_t CrossPointSettings::*, std::vector<StrId>, const char*, StrId)(&CrossPointSettings::fontSize, std::vector<StrId>(std::initializer_list<StrId>{((const StrId*)(& const StrId [4]{StrId::STR_SMALL, StrId::STR_MEDIUM, StrId::STR_LARGE, StrId::STR_X_LARGE})), 4}, std::allocator<StrId>()), ((const char*)"fontSize"), StrId::STR_CAT_READER), SettingInfo::Enum(StrId, uint8_t CrossPointSettings::*, std::vector<StrId>, const char*, StrId)(&CrossPointSettings::lineSpacing, std::vector<StrId>(std::initializer_list<StrId>{((const StrId*)(& const StrId [3]{StrId::STR_TIGHT, StrId::STR_NORMAL, StrId::STR_WIDE})), 3}, std::allocator<StrId>()), ((const char*)"lineSpacing"), StrId::STR_CAT_READER), SettingInfo::Enum(StrId, uint8_t CrossPointSettings::*, std::vector<StrId>, const char*, StrId)(&CrossPointSettings::paragraphAlignment, std::vector<StrId>(std::initializer_list<StrId>{((const StrId*)(& const StrId [5]{StrId::STR_JUSTIFY, StrId::STR_ALIGN_LEFT, StrId::STR_CENTER, StrId::STR_ALIGN_RIGHT, StrId::STR_BOOK_S_STYLE})), 5}, std::allocator<StrId>()), ((const char*)"paragraphAlignment"), StrId::STR_CAT_READER), SettingInfo::Toggle(StrId, uint8_t CrossPointSettings::*, const char*, StrId)(&CrossPointSettings::embeddedStyle, ((const char*)"embeddedStyle"), StrId::STR_CAT_READER), SettingInfo::Toggle(StrId, uint8_t CrossPointSettings::*, const char*, StrId)(&CrossPointSettings::hyphenationEnabled, ((const char*)"hyphenationEnabled"), StrId::STR_CAT_READER), SettingInfo::Enum(StrId, uint8_t CrossPointSettings::*, std::vector<StrId>, const char*, StrId)(&CrossPointSettings::orientation, std::vector<StrId>(std::initializer_list<StrId>{((const StrId*)(& const StrId [4]{StrId::STR_PORTRAIT, StrId::STR_LANDSCAPE_CW, StrId::STR_INVERTED, StrId::STR_LANDSCAPE_CCW})), 4}, std::allocator<StrId>()), ((const char*)"orientation"), StrId::STR_CAT_READER), SettingInfo::Toggle(StrId, uint8_t CrossPointSettings::*, const char*, StrId)(&CrossPointSettings::extraParagraphSpacing, ((const char*)"extraParagraphSpacing"), StrId::STR_CAT_READER), SettingInfo::Toggle(StrId, uint8_t CrossPointSettings::*, const char*, StrId)(&CrossPointSettings::textAntiAliasing, ((const char*)"textAntiAliasing"), StrId::STR_CAT_READER), <expression error>, <expression error>, <expression error>, <expression error>, <expression error>, <expression error>, <expression error>, <expression error>, <expression error>, <expression error>, <expression error>, <expression error>, <expression error>, <expression error>, <expression error>, SettingInfo::Enum(StrId, uint8_t CrossPointSettings::*, std::vector<StrId>, const char*, StrId)(&CrossPointSettings::sleepTimeout, std::vector<StrId>(std::initializer_list<StrId>{((const StrId*)(& const StrId [5]{StrId::STR_MIN_1, StrId::STR_MIN_5, StrId::STR_MIN_10, StrId::STR_MIN_15, StrId::STR_MIN_30})), 5}, std::allocator<StrId>()), ((const char*)"sleepTimeout"), StrId::STR_CAT_SYSTEM)}' from '<brace-enclosed initializer list>' to 'std::vector<SettingInfo>'
   89 |   };
      |   ^
      |   |
      |   <brace-enclosed initializer list>
*** [.pio/build/default/src/network/CrossPointWebServer.cpp.o] Error 1
========================== [FAILED] Took 8.31 seconds ==========================

Environment    Status    Duration
-------------  --------  ------------
default        FAILED    00:00:08.310
==================== 1 failed, 0 succeeded in 00:00:08.310 ====================
